In file included from /Users/vladimir/an24_cpp/src/blueprint_v2/path/path.cpp:1:
In file included from /Users/vladimir/an24_cpp/src/blueprint_v2/path/path.cpp:1:
In file included from /Users/vladimir/an24_cpp/src/blueprint_v2/path/path.h:3:
In file included from /Users/vladimir/an24_cpp/src/ui/core/interned_id.h:12:
In file included from /Library/Developer/CommandLineTools/usr/bin/../include/c++/v1/string:522:
In file included from /Library/Developer/CommandLineTools/usr/bin/../include/c++/v1/algorithm:653:
In file included from /Library/Developer/CommandLineTools/usr/bin/../include/c++/v1/functional:500:
In file included from /Library/Developer/CommandLineTools/usr/bin/../include/c++/v1/__functional/function.h:18:
/Library/Developer/CommandLineTools/usr/bin/../include/c++/v1/__memory/allocator_traits.h:298:9: error: no matching function for call to 'construct_at'
In file included from /Users/vladimir/an24_cpp/src/blueprint_v2/path/path.h:3:
In file included from /Users/vladimir/an24_cpp/src/ui/core/interned_id.h:12:
In file included from /Library/Developer/CommandLineTools/usr/bin/../include/c++/v1/string:522:
In file included from /Library/Developer/CommandLineTools/usr/bin/../include/c++/v1/algorithm:653:
In file included from /Library/Developer/CommandLineTools/usr/bin/../include/c++/v1/functional:500:
In file included from /Library/Developer/CommandLineTools/usr/bin/../include/c++/v1/__functional/function.h:18:
/Library/Developer/CommandLineTools/usr/bin/../include/c++/v1/__memory/allocator_traits.h:298:9: error: no matching function for call to 'construct_at'
  298 |    298 |         _VSTD::const       _VSTD::construct_at(ruct_at(__p, _VSTD::f__p, _VSTD::forward<_Args>orward<_Args>(__args)...);(__args)...);
      |         ^~~~~~~~~~~~~~~~~~~

      |         ^~~~~~~~~~~~~~~~~~~
/Library/Developer/CommandLineTools/usr/bin/../include/c++/v1/__config:862:15: note: expanded from macro '_VSTD'
/Library/Developer/CommandLineTools/usr/bin/../include/c++/v1/__config:862:15: note: expanded from macro '_VSTD'
  862 | #define _V  862 | #define _VSTD std::_LIBSTD std::_LIBCPP_ABI_NAMESCPP_ABI_NAMESPACE
      |               ^
PACE
      |               ^
/Library/Developer/CommandLineTools/usr/bin/../include/c++/v1/vector:948:21/Library/Developer/CommandLineTools/usr/bin/../include/c++/v1/vector:948:21: note: in instantiation of function template specialization 'std::allocator_traits<std::allocator<bp2::Path>>::construct<bp2::Path, bp2::PathKind, ui::InternedId, int, void, void>' requested here
  948 |     __all: note: in instantiation of function template specialization 'std::allocator_traits<std::allocator<bp2::Path>>::construct<bp2::Path, bp2::PathKind, ui::InternedId, int, void, void>' requested here
  948 |     __alloc_traits::consoc_traits::construct(this->__truct(this->__alloc(), _VSTalloc(), _VSTD::__to_aD::__to_address(__tx._ddress(__tx.__pos_),
      |                     ^
_pos_),
      |                     ^
/Library/Developer/CommandLineTools/usr/bin/../include/c++/v1/vector:1706:9: note: in instantiation of function template specialization 'std::vector<bp2::Path>::__construct_one_at_end<bp2::PathKind, ui::InternedId, int>' requested here
/Library/Developer/CommandLineTools/usr/bin/../include/c++/v1/vector:1706:9: note: in instantiation of function template specialization 'std::vector<bp2::Path>::__construct_one_at_end<bp2::PathKind, ui::InternedId, int>' requested here
 1706 |        1706 |         __construct  __construct_one_at_end(__one_at_end(_VSTD::forwardVSTD::forward<_Args>(__arg<_Args>(__args)...);
      |         ^
s)...);
      |         ^
/Users/vladimir/an24_cpp/src/blueprint_v2/path/path.h:50:16: note: in instantiation of function template specialization 'std::vector<bp2::Path>::emplace_back<bp2::PathKind, ui::InternedId, int>' requested here
/Users/vladimir/an24_cpp/src/blueprint_v2/path/path.h:50:16: note: in instantiation of function template specialization 'std::vector<bp2::Path>::emplace_back<bp2::PathKind, ui::InternedId, int>' requested here
   50 |         paths_.emplac   50 |         paths_.emplace_back(PathKind::Root, ui::InternedId{}, e_back(PathKind::Root, ui::InternedId{}, 0);
      |                ^
0);
      |                ^
/Library/Developer/CommandLineTools/usr/bin/../include/c++/v1/__memory/construct_at.h:35:16: note: candidate template ignored: substitution failure [with _Tp = bp2::Path, _Args = <bp2::PathKind, ui::InternedId, int>, $2 = decltype(::new (declval<void *>()) bp2::Path(declval<bp2::PathKind>(), declval<ui::InternedId>(), declval<int>()))]: calling a private constructor of class 'bp2::Path'
/Library/Developer/CommandLineTools/usr/bin/../include/c++/v1/__memory/construct_at.h:35:16: note: candidate template ignored: substitution failure [with _Tp = bp2::Path, _Args = <bp2::PathKind, ui::InternedId, int>, $2 = decltype(::new (declval<void *>()) bp2::Path(declval<bp2::PathKind>(), declval<ui::InternedId>(), declval<int>()))]: calling a private constructor of class 'bp2::Path'
   32 |     ::new (declval<void   32 |     ::new (declval<void*>()*>()) _Tp) _Tp(declval<(declval<_Args>()..._Args>()...)
      |                              ~~~
   33)
      |                              ~~~
   33 |  | )>
)>
   34 | _LIBCPP_   34 | _LIBCPP_INLINE_VIINLINE_VISIBILITY
SIBILITY
   35 | c   35 | consonstexpr _Tptexpr _Tp* construct_at(_T* construct_at(_Tp* __location, _Argp* __location, _Args&& ...__as&& ...__args) {
      |                ^rgs) {
      |                ^

In file included from /Users/vladimir/an24_cpp/src/blueprint_v2/path/path.cpp:1In file included from /Users/vladimir/an24_cpp/src/blueprint_v2/path/path.cpp:1:
In file included from /Users/vladimir/an24_cpp/src/blueprint_v2/path/path.h:3:
In file included from /Users/vladimir/an24_cpp/src/ui/core/interned_id.h:12:
In file included from /Library/Developer/CommandLineTools/usr/bin/../include/c++/v1/string:522:
In file included from /Library/Developer/CommandLineTools/usr/bin/../include/c++/v1/algorithm:653:
In file included from /Library/Developer/CommandLineTools/usr/bin/../include/c++/v1/functional:500:
In file included from /Library/Developer/CommandLineTools/usr/bin/../include/c++/v1/__functional/function.h:18:
:
In file included from /Users/vladimir/an24_cpp/src/blueprint_v2/path/path.h:3:
In file included from /Users/vladimir/an24_cpp/src/ui/core/interned_id.h:12:
In file included from /Library/Developer/CommandLineTools/usr/bin/../include/c++/v1/string:522:
In file included from /Library/Developer/CommandLineTools/usr/bin/../include/c++/v1/algorithm:653:
In file included from /Library/Developer/CommandLineTools/usr/bin/../include/c++/v1/functional:500:
In file included from /Library/Developer/CommandLineTools/usr/bin/../include/c++/v1/__functional/function.h:18:
/Library/Developer/CommandLineTools/usr/bin/../include/c++/v1/__memory/allocator_traits.h:298:9: error: no matching function for call to 'construct_at'
/Library/Developer/CommandLineTools/usr/bin/../include/c++/v1/__memory/allocator_traits.h:298:9: error: no matching function for call to 'construct_at'
  298 |   298 |              _VSTD:   _VSTD::construc:construct_at(__p,t_at(__p, _VSTD::f _VSTD::forward<_Aorward<_Args>(__arrgs>(__args)...);
gs)...);
      |         ^~~~~~~~~~~~~~~~~~~
/Library/Developer/CommandLineTools/usr/bin/../include/c++/v1/__config      |         ^~~~~~~~~~~~~~~~~~~
/Library/Developer/CommandLineTools/usr/bin/../include/c++/v1/__config:862:15: note: expanded from macro '_VSTD'
:862:15: note: expanded from macro '_VSTD'
  862 | #defi  862 | #define _ne _VSTD std::_LVSTD std::_LIBCPP_ABIIBCPP_ABI_NAMESPAC_NAMESPACE
      |               ^
E
      |               ^
/Library/Developer/CommandLineTools/usr/bin/../include/c++/v1/vector:948:/Library/Developer/CommandLineTools/usr/bin/../include/c++/v1/vector:948:21: note: in instantiation of function template specialization 'std::allocator_traits<std::allocator<bp2::Path>>::construct<bp2::Path, bp2::PathKind, ui::InternedId &, unsigned int &, void, void>' requested here
21: note: in instantiation of function template specialization 'std::allocator_traits<std::allocator<bp2::Path>>::construct<bp2::Path, bp2::PathKind, ui::InternedId &, unsigned int &, void, void>' requested here
  948 |     __alloc_traits::c  948 |     __alloc_traits::constronstruct(this-uct(this->__alloc(>__alloc(), _VSTD), _VSTD::__to::__to_address(_address(__tx.__po__tx.__pos_),
      |                     ^
s_),
      |                     ^
/Library/Developer/CommandLineTools/usr/bin/../include/c++/v1/vector:1706:9/Library/Developer/CommandLineTools/usr/bin/../include/c++/v1/vector:1706:9: note: in instantiation of function template specialization 'std::vector<bp2::Path>::__construct_one_at_end<bp2::PathKind, ui::InternedId &, unsigned int &>' requested here
: note: in instantiation of function template specialization 'std::vector<bp2::Path>::__construct_one_at_end<bp2::PathKind, ui::InternedId &, unsigned int &>' requested here
 1706 |        1706 |         __const  __construct_one_at_eruct_one_at_end(_VSTD:nd(_VSTD::forward<:forward<_Args>(___Args>(__args)...)args)...);
      |         ^
;
      |         ^
/Users/vladimir/an24_cpp/src/blueprint_v2/path/path.h:58:16: note: in instantiation of function template specialization 'std::vector<bp2::Path>::emplace_back<bp2::PathKind, ui::InternedId &, unsigned int &>' requested here/Users/vladimir/an24_cpp/src/blueprint_v2/path/path.h:58:16: note: in instantiation of function template specialization 'std::vector<bp2::Path>::emplace_back<bp2::PathKind, ui::InternedId &, unsigned int &>' requested here
   58 |      
   58 |         paths_   paths_.emplace_.emplace_back(Pathback(PathKind::Node, Kind::Node, node_id, node_id, parent_idparent_idx);
      |                ^
x);
      |                ^
/Library/Developer/CommandLineTools/usr/bin/../include/c++/v1/__memory/construct_at.h:35:/Library/Developer/CommandLineTools/usr/bin/../include/c++/v1/__memory/construct_at.h:35:16: note: candidate template ignored: substitution failure [with _Tp = bp2::Path, _Args = <bp2::PathKind, ui::InternedId &, unsigned int &>, $2 = decltype(::new (declval<void *>()) bp2::Path(declval<bp2::PathKind>(), declval<ui::InternedId &>(), declval<unsigned int &>()))]: calling a private constructor of class 'bp2::Path'
16: note: candidate template ignored: substitution failure [with _Tp = bp2::Path, _Args = <bp2::PathKind, ui::InternedId &, unsigned int &>, $2 = decltype(::new (declval<void *>()) bp2::Path(declval<bp2::PathKind>(), declval<ui::InternedId &>(), declval<unsigned int &>()))]: calling a private constructor of class 'bp2::Path'
   32 |     :   32 |     ::new (dec:new (declval<void*>(lval<void*>()) _Tp(de)) _Tp(declval<_Arclval<_Args>()...)gs>()...)
      |                              ~~~
   33 | 
      |                              ~~~
   33 | )>
   34 | _)>
   34 | _LIBCPP_INLIBCPP_INLINE_VISILINE_VISIBILITY
BILITY
   35 | cons   35 | constexpr _Tptexpr _Tp* construct_at(_* construct_at(_Tp* __locTp* __location, _Aation, _Args&& ...__args&& ...__args) {
      | rgs) {
      |                ^
               ^
22 errors generated.
 errors generated.
make[2]: *** [src/blueprint_v2/CMakeFiles/blueprint_v2.dir/path/path.cpp.o] Error 1make[2]: *** [src/blueprint_v2/CMakeFiles/blueprint_v2.dir/path/path.cpp.o] Error 1

make[1]: *** [src/blueprint_v2/CMakeFiles/blueprint_v2.dir/all] Error 2
make[1]: *** [src/blueprint_v2/CMakeFiles/blueprint_v2.dir/all] Error 2
make[1]: *** Waiting for unfinished jobs....
make[1]: *** Waiting for unfinished jobs....
make: *** [all] Error 2
make: *** [all] Error 2
